async {
    use ::marigold::marigold_impl::*;
    let returning_stream_0 = Box::pin({use ::marigold::marigold_impl::*; ::marigold::marigold_impl::futures::stream::iter(0..3).map(to_sensor).map(get_reading)});

        /// silly function that uses generics to infer the output type (StreamItem) via generics, so that
        /// we can provide the streams as an array of Pin<Box<dyn Stream<Item=StreamItem>>>.
        #[inline(always)]
        fn typed_stream_vec<StreamItem>(v: Vec<core::pin::Pin<Box<dyn futures::Stream<Item=StreamItem>>>>) -> Vec<core::pin::Pin<Box<dyn futures::Stream<Item=StreamItem>>>> {
         v
        }
        let streams_array = typed_stream_vec(vec![
returning_stream_0,
]
);let mut all_streams = ::marigold::marigold_impl::futures::stream::select_all(streams_array);all_streams
}
